                                                                                                                        
                             ┌─────────────────────────────────────────┐                                                
                             │Active                                   │                                                
                             │                   ┌─────────┐           │                                                
                             │                   │         │           │                                                
                             │                   └─────────┘           │                                                
                             │                       ┌────┐            │                                                
                             │                       │    │            │                                                
                             │                       │    │            │                                                
                             │                       │    │            │                                                
                             │                       │    │            │                                                
                             │                      ┌─────────┐        │                                                
                             │                      │ Working │        │                                                
                             │                      └─────────┘        │                                                
                             │                      │     ───┐         │                                                
                             │                      │        │         │                                                
                             │                      │        │         │                                                
                             │                      │        │         │                                                
                             │                      │   ┌─────────┐    │                                                
                             │                      │   │ Waiting │    │                                                
                             │                     ┌┼   │         │    │                                                
                             │                     │    └─────────┘    │                                                
                             │                     │         ┼─┐       │                                                
                             │                     │           │       │                                                
                             │                     │         │ │       │                                                
                             │                     │           │       │                                                
                             │                     │┌────────────────┐ │                                                
                             │                     ││multi line note │ │                                                
                             │                    ┌┼└────────────────┘ │                                                
                             │                    │             │      │                                                
                             │                    │             │      │                                                
                             │                    │             │      │                                                
                             │                    │             │      │                                                
                             │                    │             │      │                                                
                             │      ◀start   ┌─────────┐   ┌─────────┐ │ ┌────────────────┐                             
                             │      │        │  Idle   │   │         │ │ │composite state │                             
                             │      │        └─────────┘   └─────────┘ │ └────────────────┘                             
                             │      ┴─────────────┴─────────────┴ ─ ─ ─│─ ─ ─ ─ ─ ┘                                     
                             └─────────────────────────────────────────┘                                                
                                                                                                                        