 1:Dashboard ┃ 2:Messages │ 3:Threads ┃ 4:Agents ┃ 5:Search ┃ 6:Reservations ┃  
                              Agent Mail Dashboard                              
Messages        Ack Pend        Agents          Requests        Avg Lat         
0 ─             0 ─             0 ─             0 ─             0ms ─           
                ┌────────────── Command Palette ───────────────┐                
                │>Type to search...                            │                
                │> [App] Quit  Exit AgentMailTUI (requests shu…│                
                │  [Appearance] Cycle Theme  Switch to the nex…│                
                │  [Operations] Go to Agents  Agent roster wit…│                
                │  [Communication] Go to Search  Unified searc…│                
                │  [Layout] Reset Layout  Reset dock layout to…│                
                │  [Macros] Record Macro  Start recording a ne…│                
                │  [Communication] Go to Threads  Thread explo…│                
                │  [Layout] Export Layout  Save current dock l…│                
                │  [Layout] Import Layout  Load dock layout fr…│                
                │  [Communication] Go to Messages  Search and …│                
                │  [Navigate] Go to Timeline  Chronological ev…│                
                │  [Navigate] Go to Projects  Project browser …│                
                └──────────────────────────────────────────────┘                
                                                                                
                                                                                
                                                                                
 Req:0 Avg:0ms 2xx:0 4xx:0 5xx:0   Events:0/10000 (0%) Drops:0                  
 Dashboard api up:0m00s                                                       ? 