 1:Dashboard ┃ 2:Messages │ 3:Threads ┃ 4:Agents ┃ 5:Search ┃ 6:Reservations ┃  
                                → Comm • Search                                 
                                                                                
                                                                                
                                                                                
                                                                                
                                                                                
  Scope           No results found.                     Select a result to view 
  [Global]                                                                      
  Doc Type                                                                      
  [Messages]                                                                    
  Importance                                                                    
  [Any]                                                                         
  Ack Required                                                                  
  [Any]                                                                         
  Sort Order                                                                    
  [Newest]                                                                      
  Search Field                                                                  
  [Subject+Body]                                                                
                                                                                
                                                                                
                                                                                
f:facets  L:que…                                                                
 Search api up:0m00s                                                          ? 