 1:Dashboard ┃ 2:Messages │ 3:Threads ┃ 4:Agents ┃ 5:Search ┃ 6:Reservations ┃  
                              Agent Mail Dashboard                              
Messages        Ack Pend        Agents          Requests        Avg Lat         
0 ─             0 ─             0 ─             0 ─             0ms ─           
                                                                                
                ╭ Keyboard Shortcuts (j/k to scroll) (Esc to cl╮                
                │ Dashboard                                    │                
                │  Overview of projects, agents, and live reque│                
                │    j/k        Scroll event log               │                
                │    Enter      Timeline at event              │                
                │    f          Toggle auto-follow             │                
                │    v          Cycle verbosity tier           │                
                │    t          Cycle type filter              │                
                │    G          Jump to bottom                 │                
                │    g          Jump to top                    │                
                │    p          Toggle trend panel             │                
                │    l          Toggle console log             │                
                │    Mouse      Wheel scroll event log         │                
                ╰──────────────────────────────────────────────╯                
                                                                                
                                                                                
                                                                                
 Req:0 Avg:0ms 2xx:0 4xx:0 5xx:0   Events:0/10000 (0%) Drops:0                  
 Dashboard api up:0m00s                                                     [?] 