 1:Dashboard ┃ 2:Messages │ 3:Threads ┃ 4:Agents ┃ 5:Search ┃ 6:Reservations ┃ 7:Tool Metrics │ 8:System Health ┃ 9:Timeline │ 10:Projects ┃ 11:Contacts │      
                                                                       → Comm • Messages                                                                        
                                                                                                                                                                
▁▂▃▄▅▆ req:0 ok:0 err:0 avg:0ms spark:......                                                                                                                    
                                                                                                                                                                
                                                                                                                                                                
  No messages found.                                                                              Select a message to view details.                             
                                                                                                                                                                
                                                                                                                                                                
                                                                                                                                                                
                                                                                                                                                                
                                                                                                                                                                
                                                                                                                                                                
                                                                                                                                                                
                                                                                                                                                                
                                                                                                                                                                
                                                                                                                                                                
                                                                                                                                                                
                                                                                                                                                                
                                                                                                                                                                
                                                                                                                                                                
                                                                                                                                                                
                                                                                                                                                                
                                                                                                                                                                
                                                                                                                                                                
                                                                                                                                                                
                                                                                                                                                                
                                                                                                                                                                
                                                                                                                                                                
                                                                                                                                                                
                                                                                                                                                                
                                                                                                                                                                
                                                                                                                                                                
                                                                                                                                                                
                                                                                                                                                                
                                                                                                                                                                
                                                                                                                                                                
                                                                                                                                                                
                                                                                                                                                                
                                                                                                                                                                
                                                                                                                                                                
                                                                                                                                                                
                                                                                                                                                                
                                                                                                                                                                
                                                                                                                                                                
                                                                                                                                                                
                                                                                                                                                                
 Messages api up:0m00s                            req:0 ok:0 err:0 avg:0ms |  /  Search ·  j/k  Navigate results                            ? Cyberpunk Aurora  