 1:Dashboard ┃ 2:Messages │ 3:Threads ┃ 4:Agents ┃ 5:Search ┃ 6:Reservations ┃ 7:Tool Metrics │     
                                          → Comm • Search                                           
                                                                                                    
                                                                                                    
                                                                                                    
                                                                                                    
                                                                                                    
  Scope               No results found.                               Select a result to view detai 
  [Global]                                                                                          
  Doc Type                                                                                          
  [Messages]                                                                                        
  Importance                                                                                        
  [Any]                                                                                             
  Ack Required                                                                                      
  [Any]                                                                                             
  Sort Order                                                                                        
  [Newest]                                                                                          
  Search Field                                                                                      
  [Subject+Body]                                                                                    
                                                                                                    
                                                                                                    
                                                                                                    
                                                                                                    
                                                                                                    
                                                                                                    
                                                                                                    
                                                                                                    
                                                                                                    
f:facets  L:query l…                                                                                
 Search api up:0m00s       req:0 ok:0 err:0 avg:0ms |  /  Focus query bar        ? Cyberpunk Aurora 