 1:Dashboard ┃ 2:Messages │ 3:Threads ┃ 4:Agents ┃ 5:Search ┃ 6:Reservations ┃  
                                → Comm • Threads                                
                                                                                
                                                                                
                                                                                
                                                                                
                                                                                
                                                                                
                                                                                
                                                                                
                                                                                
                                                                                
                                                                                
                                                                                
                                                                                
                                                                                
                                                                                
                                                                                
                                                                                
                                                                                
                                                                                
                                                                                
                                                                                
 Threads api up:0m00s                                                         ? 