Messages        Ack Pend        Locks           Agents          Contacts        Projects        Requests        Avg Lat         Error %         Ring Fill       Drops           Uptime                  
0 ─             0 ─             0 ─             0 ─             0 ─             0 ─             0 ─             0ms ─           0.0% ─          0% ─            0 ─             0s ─                    
 [1:All]  [2:Msg]  [3:Tools]  [4:Resv]                                                                                                                                                                  
No events yet.                                                                                                                                                                                          
Waiting for HTTP/tool/message traffic and health pulses.                                                                                                                                                
Enter opens Timeline/Search context when results are available.                                                                                                                                         
                                                                                                                                                                                                        
                                                                                                                                                                                                        
                                                                                                                                                                                                        
                                                                                                                                                                                                        
                                                                                                                                                                                                        
                                                                                                                                                                                                        
                                                                                                                                                                                                        
                                                                                                                                                                                                        
                                                                                                                                                                                                        
                                                                                                                                                                                                        
                                                                                                                                                                                                        
                                                                                                                                                                                                        
                                                                                                                                                                                                        
                                                                                                                                                                                                        
                                                                                                                                                                                                        
                                                                                                                                                                                                        
                                                                                                                                                                                                        
                                                                                                                                                                                                        
                                                                                                                                                                                                        
                                                                                                                                                                                                        
                                                                                                                                                                                                        
                                                                                                                                                                                                        
                                                                                                                                                                                                        
                                                                                                                                                                                                        
                                                                                                                                                                                                        
                                                                                                                                                                                                        
                                                                                                                                                                                                        
                                                                                                                                                                                                        
                                                                                                                                                                                                        
                                                                                                                                                                                                        
                                                                                                                                                                                                        
                                                                                                                                                                                                        
                                                                                                                                                                                                        
                                                                                                                                                                                                        
                                                                                                                                                                                                        
                                                                                                                                                                                                        
                                                                                                                                                                                                        
                                                                                                                                                                                                        
                                                                                                                                                                                                        
                                                                                                                                                                                                        
                                                                                                                                                                                                        
                                                                                                                                                                                                        
                                                                                                                                                                                                        
 Req:0 Avg:0ms 2xx:0 4xx:0 5xx:0   Events:0/10000 (0%) Drops:0                                                                                                                                          