│ This is a blockquote with bold text. It spans multiple lines.                 
                                                                                
│ │ Nested blockquote here with continuation.                                   
                                                                                
│ Back to level one.                                                            
                                                                                
                                                                                
                                                                                
                                                                                
                                                                                
                                                                                
                                                                                
                                                                                
                                                                                
                                                                                
                                                                                
                                                                                
                                                                                
                                                                                
                                                                                
                                                                                
                                                                                
                                                                                
                                                                                