This is a single very long line that sho
                                        
                                        
                                        
                                        
                                        
                                        
                                        
                                        
                                        
                                        
                                        