• Level 1                                                                       
  • Level 2                                                                     
    • Level 3                                                                   
      • Level 4                                                                 
        • Level 5                                                               
          • Level 6 (very deep)                                                 
      • Back to 4                                                               
    • Back to 3                                                                 
  • Back to 2                                                                   
• Back to 1                                                                     
                                                                                
                                                                                
                                                                                
                                                                                
                                                                                
                                                                                
                                                                                
                                                                                
                                                                                
                                                                                
                                                                                
                                                                                
                                                                                
                                                                                