Partial Message                                                                 
                                                                                
Started writing a code block:                                                   
                                                                                
─── rust ───                                                                    
  fn work_in_progress() {                                                       
      let x = 42;                                                               
      // still typing...                                                        
                                                                                
                                                                                
                                                                                
                                                                                
                                                                                
                                                                                
                                                                                
                                                                                
                                                                                
                                                                                
                                                                                
                                                                                
                                                                                
                                                                                
                                                                                
                                                                                