┌───────────┬─────────┬──────────┬──────
│ Agent     │ Status  │ Messages │ Last 
├───────────┼─────────┼──────────┼──────
│ RedFox    │ online  │ 42       │ 2m ag
│ BluePeak  │ idle    │ 18       │ 1h ag
│ GoldHawk  │ offline │ 7        │ 3d ag
│ SwiftLake │ busy    │ 156      │ just 
└───────────┴─────────┴──────────┴──────
                                        
                                        
                                        
                                        
                                        
                                        
                                        
                                        
                                        
                                        
                                        
                                        
                                        
                                        
                                        
                                        