• Alpha                                                                         
• Beta                                                                          
  • Nested one                                                                  
  • Nested two                                                                  
    • Deep nested                                                               
• Gamma                                                                         
                                                                                
                                                                                
                                                                                
                                                                                
                                                                                
                                                                                
                                                                                
                                                                                
                                                                                
                                                                                
                                                                                
                                                                                
                                                                                
                                                                                
                                                                                
                                                                                
                                                                                
                                                                                