Search messages... (/ to focus)         
● ▁▂▃▄▅▆▇█▁▂  Mouse: click/select, wh...
▁▂▃▄▅▆ req:0 ok:0 err:0 avg:0ms spark...
                                        
  No messages found.                    
                                        
                                        
                                        
                                        
                                        
                                        
                                        