Active              Exclusive           Shared              Expired             
0 ─                 0 ─                 0 ─                 0 ─                 
 0 active  0 exclusive  0 shared   Sort: TTL▲                                   
Agent         │Path Pattern     │Excl  │TTL Remaining           │Project        
No active reservations.                                                         
                                                                                
                                                                                
                                                                                
                                                                                
                                                                                
                                                                                
                                                                                
                                                                                
                                                                                
                                                                                
                                                                                
                                                                                
                                                                                
                                                                                
                                                                                
                                                                                
                                                                                
                                                                                
0 active │ 0 exclusive │ 0 shared │ 0 expired                                   