Search across messages, agents, projects... (/ to focus)                                                                                                        
Route: /search                                                                                                                                                  
                                                                                                                                                                
                                                                                                                                                                
                                                                                                                                                                
                                                                                                                                                                
  Scope                       No results found.                                                              Select a result to view details.                   
  [Global]                                                                                                                                                      
  Doc Type                                                                                                                                                      
  [Messages]                                                                                                                                                    
  Importance                                                                                                                                                    
  [Any]                                                                                                                                                         
  Ack Required                                                                                                                                                  
  [Any]                                                                                                                                                         
  Sort Order                                                                                                                                                    
  [Newest]                                                                                                                                                      
  Search Field                                                                                                                                                  
  [Subject+Body]                                                                                                                                                
                                                                                                                                                                
                                                                                                                                                                
                                                                                                                                                                
                                                                                                                                                                
                                                                                                                                                                
                                                                                                                                                                
                                                                                                                                                                
                                                                                                                                                                
                                                                                                                                                                
                                                                                                                                                                
                                                                                                                                                                
                                                                                                                                                                
                                                                                                                                                                
                                                                                                                                                                
                                                                                                                                                                
                                                                                                                                                                
                                                                                                                                                                
                                                                                                                                                                
                                                                                                                                                                
                                                                                                                                                                
                                                                                                                                                                
                                                                                                                                                                
                                                                                                                                                                
                                                                                                                                                                
                                                                                                                                                                
                                                                                                                                                                
                                                                                                                                                                
                                                                                                                                                                
                                                                                                                                                                
f:facets  L:query lab  mous…                                                                                                                                    