Search across messages, agents
Route: /search                
                              
                              
  Scope       No results found
  [Global]                    
  Doc Type                    
  [Messages]                  
  Importance                  
  [Any]                       