── Configuration ──                                                                                          PROBING... 
Endpoint:                                                                                                               
Web UI:                                                                                                                 
Auth:      disabled (token: false, len: 0)                                                                              
Checked:   (never)                                                                                                      
Uptime:    0s                                                                                                           
                                                                                                                        
── Connection Diagnostics ──                                                                                            
  [OK] TCP :0  0ms                                                                                                      
                                                                                                                        
r Refresh  v Dashboard                                                                                                  
                                                                                                                        
                                                                                                                        
                                                                                                                        
                                                                                                                        
                                                                                                                        
                                                                                                                        
                                                                                                                        
                                                                                                                        
                                                                                                                        
                                                                                                                        
                                                                                                                        
                                                                                                                        
                                                                                                                        
                                                                                                                        
                                                                                                                        
                                                                                                                        
                                                                                                                        
                                                                                                                        
                                                                                                                        
                                                                                                                        
                                                                                                                        
                                                                                                                        
                                                                                                                        
                                                                                                                        
                                                                                                                        
                                                                                                                        
                                                                                                                        
                                                                                                                        
                                                                                                                        