── Configuration ──PROBING... 
Endpoint:                     
Web UI:                       
Auth:      disabled (token: fa
Checked:   (never)            
Uptime:    0s                 
                              
── Connection Diagnostics ──  
  [OK] TCP :0  0ms            
                              