 / Filter threads             
  No threads found.           
                              
                              
                              
                              
                              
                              
                              
                              