 0 tools | 0 calls | 0 errors | avg 0ms | 0 CP | Sort: Calls▼ | v=dashboard     
Tool Name       │Calls  │Errors │Err%  │Avg(ms)│CP  │CI(90%)  │Trend            
                                                                                
                                                                                
                                                                                
                                                                                
                                                                                
                                                                                
                                                                                
                                                                                
                                                                                
                                                                                
                                                                                
                                                                                
                                                                                
                                                                                
                                                                                
                                                                                
                                                                                
                                                                                
                                                                                
                                                                                
                                                                                
                                                                                