                                                                                
                                                                                
                                                                                
                                                                                
                                                                                
                                                                                
                                                                                
          ┌──────────────────────────Alert───────────────────────────┐          
          │            Operation completed successfully!             │          
          │                                                          │          
          │                          [ OK ]                          │          
          │                                                          │          
          │                                                          │          
          │                                                          │          
          │                                                          │          
          │                                                          │          
          └──────────────────────────────────────────────────────────┘          
                                                                                
                                                                                
                                                                                
                                                                                
                                                                                
                                                                                
                                                                                