                                                                                
                                                                                
                                                                                
                                                                                
                                                                                
                                                                                
                                                                                
          ┌──────────────────────Custom Dialog───────────────────────┐          
          │                    Choose an action:                     │          
          │                                                          │          
          │            [ Save ]  [ Discard ]  [ Cancel ]             │          
          │                                                          │          
          │                                                          │          
          │                                                          │          
          │                                                          │          
          │                                                          │          
          └──────────────────────────────────────────────────────────┘          
                                                                                
                                                                                
                                                                                
                                                                                
                                                                                
                                                                                
                                                                                