                                                                                
                                                                                
                                                                                
                                                                                
                                                                                
                                                                                
                                                                                
          ┌─────────────────────────Confirm──────────────────────────┐          
          │        Are you sure you want to delete this file?        │          
          │                                                          │          
          │                    [ OK ]  [ Cancel ]                    │          
          │                                                          │          
          │                                                          │          
          │                                                          │          
          │                                                          │          
          │                                                          │          
          └──────────────────────────────────────────────────────────┘          
                                                                                
                                                                                
                                                                                
                                                                                
                                                                                
                                                                                
                                                                                